host=reel-simd-t5 cores=8 tmp=/dev/nvme0n1p1 ext4 2026-08-18T11:37:23Z

=== arm: track_data on Open32 ===
80:    open(5, ALL_COLUMN_FAMILIES[4], ADDRESS_LEN, 1), // track_data
shape asserted: track_data_is_open
   reel      50000        1      106.40ms        2.13µs
   reel      50000       64       20.94ms      418.00ns
   reel      50000      512       19.55ms      391.00ns
   reel     200000        1      121.19ms        2.42µs
   reel     200000       64       23.89ms      477.00ns
   reel     200000      512       22.97ms      459.00ns
  rocks      50000        1       67.11ms        1.34µs
  rocks      50000       64       66.99ms        1.34µs
  rocks      50000      512       66.78ms        1.34µs
  rocks     200000        1       71.70ms        1.43µs
  rocks     200000       64       70.94ms        1.42µs
  rocks     200000      512       70.58ms        1.41µs

=== arm: track_data on Tree ===
80:    shaped(5, ALL_COLUMN_FAMILIES[4], ADDRESS_LEN, 1), // track_data
shape asserted: declared_shapes_take
   reel      50000        1      104.45ms        2.09µs
   reel      50000       64       20.12ms      402.00ns
   reel      50000      512       18.96ms      379.00ns
   reel     200000        1      120.65ms        2.41µs
   reel     200000       64       25.78ms      515.00ns
   reel     200000      512       23.86ms      477.00ns
  rocks      50000        1       68.33ms        1.37µs
  rocks      50000       64       67.30ms        1.34µs
  rocks      50000      512       67.79ms        1.36µs
  rocks     200000        1       72.89ms        1.46µs
  rocks     200000       64       71.95ms        1.44µs
  rocks     200000      512       70.36ms        1.41µs
restored=1
2026-08-18T11:37:39Z
