host=reel-simd-t5 2026-08-18T11:46:53Z
42:        codec: Codec::Lz4,
61:        codec: Codec::None,
81:        codec: Codec::None,
100:        codec: Codec::None,
115:        codec: Codec::Lz4,
130:        codec: Codec::Lz4,
   reel   random      50000        1      105.78ms        2.12µs     512.0 MiB
   reel   random      50000       64       20.06ms      401.00ns     512.0 MiB
   reel   random      50000      512       19.13ms      382.00ns     512.0 MiB
   reel   random     200000        1      120.64ms        2.41µs     576.0 MiB
   reel   random     200000       64       23.56ms      471.00ns     576.0 MiB
   reel   random     200000      512       22.50ms      449.00ns     576.0 MiB
   reel   packed      50000        1      105.04ms        2.10µs     512.0 MiB
   reel   packed      50000       64       19.97ms      399.00ns     512.0 MiB
   reel   packed      50000      512       19.23ms      384.00ns     512.0 MiB
   reel   packed     200000        1      120.96ms        2.42µs     576.0 MiB
   reel   packed     200000       64       23.65ms      472.00ns     576.0 MiB
   reel   packed     200000      512       22.47ms      449.00ns     576.0 MiB
  rocks   random      50000        1       68.45ms        1.37µs       9.1 MiB
  rocks   random      50000       64       66.20ms        1.32µs       9.1 MiB
  rocks   random      50000      512       66.42ms        1.33µs       9.1 MiB
  rocks   random     200000        1       71.41ms        1.43µs      35.2 MiB
  rocks   random     200000       64       69.36ms        1.39µs      35.2 MiB
  rocks   random     200000      512       69.10ms        1.38µs      35.2 MiB
  rocks   packed      50000        1       68.19ms        1.36µs       9.1 MiB
  rocks   packed      50000       64       66.30ms        1.32µs       9.1 MiB
  rocks   packed      50000      512       66.37ms        1.33µs       9.1 MiB
  rocks   packed     200000        1       71.46ms        1.43µs      35.2 MiB
  rocks   packed     200000       64       69.36ms        1.39µs      35.2 MiB
  rocks   packed     200000      512       69.15ms        1.38µs      35.2 MiB
2026-08-18T11:47:04Z
