host=reel-simd-t5 2026-08-18T11:48:14Z
132:        map_above: MAP_EVERYTHING,
   reel   random      50000        1      104.97ms        2.10µs     512.0 MiB
   reel   random      50000       64       20.30ms      405.00ns     512.0 MiB
   reel   random      50000      512       19.22ms      384.00ns     512.0 MiB
   reel   random     200000        1      120.40ms        2.41µs     576.0 MiB
   reel   random     200000       64       25.18ms      503.00ns     576.0 MiB
   reel   random     200000      512       24.17ms      483.00ns     576.0 MiB
   reel   packed      50000        1      106.73ms        2.13µs     512.0 MiB
   reel   packed      50000       64       21.28ms      425.00ns     512.0 MiB
   reel   packed      50000      512       19.48ms      389.00ns     512.0 MiB
   reel   packed     200000        1      120.24ms        2.40µs     576.0 MiB
   reel   packed     200000       64       24.63ms      492.00ns     576.0 MiB
   reel   packed     200000      512       23.70ms      473.00ns     576.0 MiB
  rocks   random      50000        1       68.24ms        1.36µs       9.1 MiB
  rocks   random      50000       64       67.65ms        1.35µs       9.1 MiB
  rocks   random      50000      512       67.67ms        1.35µs       9.1 MiB
  rocks   random     200000        1       72.18ms        1.44µs      35.2 MiB
  rocks   random     200000       64       71.54ms        1.43µs      35.2 MiB
  rocks   random     200000      512       71.65ms        1.43µs      35.2 MiB
  rocks   packed      50000        1       68.54ms        1.37µs       9.1 MiB
  rocks   packed      50000       64       68.17ms        1.36µs       9.1 MiB
  rocks   packed      50000      512       68.08ms        1.36µs       9.1 MiB
  rocks   packed     200000        1       72.78ms        1.46µs      35.2 MiB
  rocks   packed     200000       64       72.11ms        1.44µs      35.2 MiB
  rocks   packed     200000      512       71.86ms        1.44µs      35.2 MiB
2026-08-18T11:48:25Z
