host=reel-simd-t5 cores=8 tmp=/dev/nvme0n1p1 ext4 2026-08-18T14:11:56Z
--- door
        map_above: None,
        point_reads: PointReads::Queued,
door    reel   random      50000        1       78.80ms        1.58µs       6.7 MiB      42.0 MiB
door    reel   random      50000       64       18.29ms      365.00ns       6.7 MiB      42.0 MiB
door    reel   random      50000      512       17.12ms      342.00ns       6.7 MiB      42.0 MiB
door    reel   random     200000        1       92.13ms        1.84µs      26.7 MiB      77.1 MiB
door    reel   random     200000       64       22.57ms      451.00ns      26.7 MiB      77.1 MiB
door    reel   random     200000      512       21.84ms      436.00ns      26.7 MiB      77.1 MiB
--- probe
        map_above: None,
        point_reads: PointReads::Probed,
probe    reel   random      50000        1       80.61ms        1.61µs       6.7 MiB      42.0 MiB
probe    reel   random      50000       64       20.02ms      400.00ns       6.7 MiB      42.0 MiB
probe    reel   random      50000      512       19.12ms      382.00ns       6.7 MiB      42.0 MiB
probe    reel   random     200000        1       96.91ms        1.94µs      26.7 MiB      77.1 MiB
probe    reel   random     200000       64       23.28ms      465.00ns      26.7 MiB      77.1 MiB
probe    reel   random     200000      512       22.64ms      452.00ns      26.7 MiB      77.1 MiB
--- mapped
        map_above: MAP_EVERYTHING,
        point_reads: PointReads::Probed,
mapped    reel   random      50000        1       16.61ms      332.00ns       6.7 MiB      42.0 MiB
mapped    reel   random      50000       64       18.70ms      374.00ns       6.7 MiB      42.0 MiB
mapped    reel   random      50000      512       17.35ms      346.00ns       6.7 MiB      42.0 MiB
mapped    reel   random     200000        1       27.46ms      549.00ns      26.7 MiB      77.1 MiB
mapped    reel   random     200000       64       22.33ms      446.00ns      26.7 MiB      77.1 MiB
mapped    reel   random     200000      512       21.77ms      435.00ns      26.7 MiB      77.1 MiB
2026-08-18T14:12:36Z
