host=reel-simd-t5 cores=8 2026-08-18T10:26:35Z
=== shape assertion: the declaration must have taken ===
test track_data_is_open ... ok
test declared_shapes_take ... ok

test result: ok. 2 passed; 0 failed; 0 ignored; 0 measured; 0 filtered out; finished in 0.09s


=== arm A: track_data on Open32 ===
80:    open(5, ALL_COLUMN_FAMILIES[4], ADDRESS_LEN, 1), // track_data

running 3 tests
test track_data_point_reads_reel ...  engine       rows         total      per read
   reel      50000       82.33ms        1.65µs
   reel     200000       98.03ms        1.96µs
ok
test track_data_point_reads_rocks ...  engine       rows         total      per read
  rocks      50000       63.30ms        1.26µs
  rocks     200000       68.28ms        1.36µs
ok
test track_data_point_reads_split ...  engine       rows         total      per read
  split      50000       88.71ms        1.77µs
  split     200000      103.92ms        2.08µs
ok

test result: ok. 3 passed; 0 failed; 0 ignored; 0 measured; 0 filtered out; finished in 4.70s


=== arm B: track_data on Tree ===
80:    shaped(5, ALL_COLUMN_FAMILIES[4], ADDRESS_LEN, 1), // track_data
warning: function `open` is never used
  --> store/reel-bridge/src/columns.rs:26:10
   |
26 | const fn open(id: u8, name: &'static str, width: u16, shard_bytes: u8) -> ColumnSpec {
   |          ^^^^
   |
   = note: `#[warn(dead_code)]` (part of `#[warn(unused)]`) on by default

warning: `reel-bridge` (lib) generated 1 warning

running 3 tests
test track_data_point_reads_reel ...  engine       rows         total      per read
   reel      50000       80.47ms        1.61µs
   reel     200000       95.72ms        1.91µs
ok
test track_data_point_reads_rocks ...  engine       rows         total      per read
  rocks      50000       63.37ms        1.27µs
  rocks     200000       68.27ms        1.36µs
ok
test track_data_point_reads_split ...  engine       rows         total      per read
  split      50000       86.54ms        1.73µs
  split     200000      101.56ms        2.03µs
ok

test result: ok. 3 passed; 0 failed; 0 ignored; 0 measured; 0 filtered out; finished in 4.63s

restored=1
2026-08-18T10:26:50Z
